[INFO] comparative_analyzer.py cargado
[INFO] ComparativePDFGenerator version: 2.0_WITH_CHARTS_AND_NEWS
======================================================================
TEST: Analisis Comparativo desde main.py
======================================================================

Analizando activos...

C:/Git/BolsaAI_Test/venv/Scripts/python.exe : Traceback (most recent call last):
En línea: 1 Carácter: 1
+ C:/Git/BolsaAI_Test/venv/Scripts/python.exe test_desde_main.py > test ...
+ ~~~~~~~~~~~~~~~~~~~~~~~~~~~~~~~~~~~~~~~~~~~~~~~~~~~~~~~~~~~~~~~~~~~~~
    + CategoryInfo          : NotSpecified: (Traceback (most recent call last)::String) [], RemoteException
    + FullyQualifiedErrorId : NativeCommandError
 
  File "C:\Git\BolsaAI_Test\src\comparative_analyzer.py", line 45, in analyze_all_assets
    progress_callback(f"Analizando {asset_name}...", (idx + 1) / total)
TypeError: <lambda>() takes 1 positional argument but 2 were given

During handling of the above exception, another exception occurred:

Traceback (most recent call last):
  File "C:\Git\BolsaAI_Test\test_desde_main.py", line 24, in <module>
    results = comparative.analyze_all_assets(
              ^^^^^^^^^^^^^^^^^^^^^^^^^^^^^^^
  File "C:\Git\BolsaAI_Test\src\comparative_analyzer.py", line 53, in analyze_all_assets
    print(f"\u26a0\ufe0f Error analizando {asset_name}: {e}")
  File "C:\Users\manue\AppData\Local\Programs\Python\Python312\Lib\encodings\cp1252.py", line 19, in encode
    return codecs.charmap_encode(input,self.errors,encoding_table)[0]
           ^^^^^^^^^^^^^^^^^^^^^^^^^^^^^^^^^^^^^^^^^^^^^^^^^^^^^^^
UnicodeEncodeError: 'charmap' codec can't encode characters in position 0-1: character maps to <undefined>
